
> billing-backend@0.1.0 dev
> tsx watch src/server.ts

API listening on port 4000
[0mGET /api/health [32m200[0m 35.057 ms - 64[0m
[0mPOST /api/auth/register [32m201[0m 137.418 ms - 243[0m
[0mPOST /api/auth/register [32m201[0m 57.627 ms - 244[0m
[0mPOST /api/auth/register [32m201[0m 105.743 ms - 252[0m
[0mGET /api/clients [32m200[0m 13.278 ms - 14[0m
[0mGET /api/invoices [32m200[0m 72.266 ms - 15[0m
[0mGET /api/products [32m200[0m 156.738 ms - 15[0m
error: column "defaultTaxRate" does not exist
    at C:\Users\zpx\Desktop\Projetos\Billing-System\backend\node_modules\pg-pool\index.js:45:11
    at process.processTicksAndRejections (node:internal/process/task_queues:103:5)
    at async <anonymous> (C:\Users\zpx\Desktop\Projetos\Billing-System\backend\src\routes\me.ts:17:30) {
  length: 115,
  severity: 'ERROR',
  code: '42703',
  detail: undefined,
  hint: undefined,
  position: '157',
  internalPosition: undefined,
  internalQuery: undefined,
  where: undefined,
  schema: undefined,
  table: undefined,
  column: undefined,
  dataType: undefined,
  constraint: undefined,
  file: 'parse_relation.c',
  line: '3827',
  routine: 'errorMissingColumn'
}
[0mGET /api/me [31m500[0m 56.481 ms - 35[0m
[0mGET /api/auth/me [32m200[0m 50.479 ms - 59[0m
[0mGET /api/auth/me [36m304[0m 1.664 ms - -[0m
error: column "defaultTaxRate" does not exist
    at C:\Users\zpx\Desktop\Projetos\Billing-System\backend\node_modules\pg-pool\index.js:45:11
    at process.processTicksAndRejections (node:internal/process/task_queues:103:5)
    at async <anonymous> (C:\Users\zpx\Desktop\Projetos\Billing-System\backend\src\routes\me.ts:17:30) {
  length: 115,
  severity: 'ERROR',
  code: '42703',
  detail: undefined,
  hint: undefined,
  position: '157',
  internalPosition: undefined,
  internalQuery: undefined,
  where: undefined,
  schema: undefined,
  table: undefined,
  column: undefined,
  dataType: undefined,
  constraint: undefined,
  file: 'parse_relation.c',
  line: '3827',
  routine: 'errorMissingColumn'
}
[0mGET /api/me [31m500[0m 3.234 ms - 35[0m
error: column "defaultTaxRate" does not exist
    at C:\Users\zpx\Desktop\Projetos\Billing-System\backend\node_modules\pg-pool\index.js:45:11
    at process.processTicksAndRejections (node:internal/process/task_queues:103:5)
    at async <anonymous> (C:\Users\zpx\Desktop\Projetos\Billing-System\backend\src\routes\me.ts:17:30) {
  length: 115,
  severity: 'ERROR',
  code: '42703',
  detail: undefined,
  hint: undefined,
  position: '157',
  internalPosition: undefined,
  internalQuery: undefined,
  where: undefined,
  schema: undefined,
  table: undefined,
  column: undefined,
  dataType: undefined,
  constraint: undefined,
  file: 'parse_relation.c',
  line: '3827',
  routine: 'errorMissingColumn'
}
[0mGET /api/me [31m500[0m 44.947 ms - 35[0m
[0mGET /api/clients [36m304[0m 60.165 ms - -[0m
[0mPOST /api/clients [32m201[0m 78.655 ms - 87[0m
[0mGET /api/clients [32m200[0m 2.641 ms - 90[0m
[0mGET /api/invoices [36m304[0m 5.088 ms - -[0m
[0mGET /api/auth/me [36m304[0m 153.261 ms - -[0m
[0mGET /api/auth/me [36m304[0m 1.341 ms - -[0m
[0mGET /api/clients [36m304[0m 5.395 ms - -[0m
[0mGET /api/products [36m304[0m 65.611 ms - -[0m
[0mGET /api/invoices [36m304[0m 65.992 ms - -[0m
[0mGET /api/clients [33m401[0m 0.500 ms - 27[0m
[0mPOST /api/auth/register [32m201[0m 92.895 ms - 250[0m
[0mGET /api/clients [32m200[0m 3.511 ms - 14[0m
[0mGET /api/products [32m200[0m 43.587 ms - 15[0m
[0mGET /api/invoices [32m200[0m 43.818 ms - 15[0m
[0mPOST /api/auth/login [32m200[0m 56.673 ms - 250[0m
error: column "defaultTaxRate" does not exist
    at C:\Users\zpx\Desktop\Projetos\Billing-System\backend\node_modules\pg-pool\index.js:45:11
    at process.processTicksAndRejections (node:internal/process/task_queues:103:5)
    at async <anonymous> (C:\Users\zpx\Desktop\Projetos\Billing-System\backend\src\routes\me.ts:17:30) {
  length: 115,
  severity: 'ERROR',
  code: '42703',
  detail: undefined,
  hint: undefined,
  position: '157',
  internalPosition: undefined,
  internalQuery: undefined,
  where: undefined,
  schema: undefined,
  table: undefined,
  column: undefined,
  dataType: undefined,
  constraint: undefined,
  file: 'parse_relation.c',
  line: '3827',
  routine: 'errorMissingColumn'
}
[0mGET /api/me [31m500[0m 2.738 ms - 35[0m
error: column "defaultTaxRate" does not exist
    at C:\Users\zpx\Desktop\Projetos\Billing-System\backend\node_modules\pg-pool\index.js:45:11
    at process.processTicksAndRejections (node:internal/process/task_queues:103:5)
    at async <anonymous> (C:\Users\zpx\Desktop\Projetos\Billing-System\backend\src\routes\me.ts:17:30) {
  length: 115,
  severity: 'ERROR',
  code: '42703',
  detail: undefined,
  hint: undefined,
  position: '157',
  internalPosition: undefined,
  internalQuery: undefined,
  where: undefined,
  schema: undefined,
  table: undefined,
  column: undefined,
  dataType: undefined,
  constraint: undefined,
  file: 'parse_relation.c',
  line: '3827',
  routine: 'errorMissingColumn'
}
[0mGET /api/me [31m500[0m 2.074 ms - 35[0m
error: column "defaultTaxRate" does not exist
    at C:\Users\zpx\Desktop\Projetos\Billing-System\backend\node_modules\pg-pool\index.js:45:11
    at process.processTicksAndRejections (node:internal/process/task_queues:103:5)
    at async <anonymous> (C:\Users\zpx\Desktop\Projetos\Billing-System\backend\src\routes\me.ts:59:30) {
  length: 115,
  severity: 'ERROR',
  code: '42703',
  detail: undefined,
  hint: undefined,
  position: '414',
  internalPosition: undefined,
  internalQuery: undefined,
  where: undefined,
  schema: undefined,
  table: undefined,
  column: undefined,
  dataType: undefined,
  constraint: undefined,
  file: 'parse_relation.c',
  line: '3827',
  routine: 'errorMissingColumn'
}
[0mPUT /api/me/company [31m500[0m 4.455 ms - 35[0m
[0mGET /api/auth/me [32m200[0m 36.223 ms - 57[0m
[0mGET /api/auth/me [36m304[0m 0.896 ms - -[0m
error: column "defaultTaxRate" does not exist
    at C:\Users\zpx\Desktop\Projetos\Billing-System\backend\node_modules\pg-pool\index.js:45:11
    at process.processTicksAndRejections (node:internal/process/task_queues:103:5)
    at async <anonymous> (C:\Users\zpx\Desktop\Projetos\Billing-System\backend\src\routes\me.ts:17:30) {
  length: 115,
  severity: 'ERROR',
  code: '42703',
  detail: undefined,
  hint: undefined,
  position: '157',
  internalPosition: undefined,
  internalQuery: undefined,
  where: undefined,
  schema: undefined,
  table: undefined,
  column: undefined,
  dataType: undefined,
  constraint: undefined,
  file: 'parse_relation.c',
  line: '3827',
  routine: 'errorMissingColumn'
}
[0mGET /api/me [31m500[0m 1.945 ms - 35[0m
error: column "defaultTaxRate" does not exist
    at C:\Users\zpx\Desktop\Projetos\Billing-System\backend\node_modules\pg-pool\index.js:45:11
    at process.processTicksAndRejections (node:internal/process/task_queues:103:5)
    at async <anonymous> (C:\Users\zpx\Desktop\Projetos\Billing-System\backend\src\routes\me.ts:17:30) {
  length: 115,
  severity: 'ERROR',
  code: '42703',
  detail: undefined,
  hint: undefined,
  position: '157',
  internalPosition: undefined,
  internalQuery: undefined,
  where: undefined,
  schema: undefined,
  table: undefined,
  column: undefined,
  dataType: undefined,
  constraint: undefined,
  file: 'parse_relation.c',
  line: '3827',
  routine: 'errorMissingColumn'
}
[0mGET /api/me [31m500[0m 33.344 ms - 35[0m
[0mGET /api/clients [36m304[0m 35.442 ms - -[0m
[0mPOST /api/clients [32m201[0m 2.757 ms - 106[0m
[0mGET /api/clients [32m200[0m 1.460 ms - 109[0m
[0mGET /api/products [36m304[0m 5.330 ms - -[0m
[0mGET /api/invoices [36m304[0m 3.345 ms - -[0m
[0mGET /api/products [36m304[0m 37.813 ms - -[0m
[0mGET /api/invoices [36m304[0m 4.087 ms - -[0m
[0mGET /api/auth/me [36m304[0m 40.115 ms - -[0m
[0mGET /api/auth/me [36m304[0m 0.778 ms - -[0m
[0mGET /api/clients [36m304[0m 3.955 ms - -[0m
[0mGET /api/products [36m304[0m 51.137 ms - -[0m
[0mGET /api/invoices [36m304[0m 54.658 ms - -[0m
[0mDELETE /api/clients/130 [32m204[0m 5.294 ms - -[0m
[0mGET /api/clients [32m200[0m 1.208 ms - 14[0m
[0mPOST /api/auth/register [32m201[0m 85.885 ms - 239[0m
error: column "defaultTaxRate" does not exist
    at C:\Users\zpx\Desktop\Projetos\Billing-System\backend\node_modules\pg-pool\index.js:45:11
    at process.processTicksAndRejections (node:internal/process/task_queues:103:5)
    at async <anonymous> (C:\Users\zpx\Desktop\Projetos\Billing-System\backend\src\routes\me.ts:17:30) {
  length: 115,
  severity: 'ERROR',
  code: '42703',
  detail: undefined,
  hint: undefined,
  position: '157',
  internalPosition: undefined,
  internalQuery: undefined,
  where: undefined,
  schema: undefined,
  table: undefined,
  column: undefined,
  dataType: undefined,
  constraint: undefined,
  file: 'parse_relation.c',
  line: '3827',
  routine: 'errorMissingColumn'
}
[0mGET /api/me [31m500[0m 1.713 ms - 35[0m
[0mPOST /api/auth/register [32m201[0m 87.978 ms - 239[0m
[0mGET /api/me [32m200[0m 1.346 ms - 309[0m
[0mPOST /api/auth/register [32m201[0m 61.146 ms - 252[0m
[0mGET /api/clients [32m200[0m 3.017 ms - 14[0m
[0mGET /api/products [32m200[0m 46.004 ms - 15[0m
[0mGET /api/invoices [32m200[0m 46.178 ms - 15[0m
[0mPOST /api/auth/login [32m200[0m 55.469 ms - 252[0m
[0mGET /api/me [32m200[0m 1.191 ms - 321[0m
[0mPUT /api/me/company [32m200[0m 2.517 ms - 328[0m
[0mGET /api/me [32m200[0m 1.025 ms - 328[0m
[0mGET /api/auth/me [32m200[0m 0.994 ms - 58[0m
[0mGET /api/auth/me [36m304[0m 0.940 ms - -[0m
[0mGET /api/me [36m304[0m 1.332 ms - -[0m
[0mGET /api/clients [36m304[0m 1.268 ms - -[0m
[0mPOST /api/clients [32m201[0m 1.917 ms - 107[0m
[0mGET /api/clients [32m200[0m 0.997 ms - 110[0m
[0mGET /api/products [36m304[0m 3.479 ms - -[0m
[0mGET /api/invoices [36m304[0m 1.465 ms - -[0m
[0mGET /api/products [36m304[0m 39.338 ms - -[0m
[0mGET /api/invoices [36m304[0m 3.973 ms - -[0m
[0mGET /api/auth/me [36m304[0m 132.576 ms - -[0m
[0mGET /api/auth/me [36m304[0m 1.021 ms - -[0m
[0mGET /api/clients [36m304[0m 4.040 ms - -[0m
[0mGET /api/products [36m304[0m 43.309 ms - -[0m
[0mGET /api/invoices [36m304[0m 43.692 ms - -[0m
[0mDELETE /api/clients/131 [32m204[0m 3.795 ms - -[0m
[0mGET /api/clients [32m200[0m 1.270 ms - 14[0m
[0mPOST /api/auth/register [32m201[0m 203.637 ms - 252[0m
[0mGET /api/clients [32m200[0m 3.453 ms - 14[0m
[0mGET /api/products [32m200[0m 40.857 ms - 15[0m
[0mGET /api/invoices [32m200[0m 40.860 ms - 15[0m
[0mPOST /api/auth/login [32m200[0m 59.041 ms - 252[0m
[0mGET /api/me [32m200[0m 1.486 ms - 321[0m
[0mPUT /api/me/company [32m200[0m 2.365 ms - 328[0m
[0mGET /api/me [32m200[0m 1.131 ms - 328[0m
[0mGET /api/auth/me [32m200[0m 0.943 ms - 58[0m
[0mGET /api/auth/me [36m304[0m 0.754 ms - -[0m
[0mGET /api/me [36m304[0m 1.147 ms - -[0m
[0mGET /api/clients [36m304[0m 1.222 ms - -[0m
[0mPOST /api/clients [32m201[0m 1.685 ms - 107[0m
[0mGET /api/clients [32m200[0m 1.130 ms - 110[0m
[0mGET /api/products [36m304[0m 3.660 ms - -[0m
[0mPOST /api/auth/register [32m201[0m 105.869 ms - 252[0m
[0mGET /api/clients [32m200[0m 2.997 ms - 14[0m
[0mGET /api/products [32m200[0m 41.462 ms - 15[0m
[0mGET /api/invoices [32m200[0m 41.471 ms - 15[0m
[0mPOST /api/auth/login [32m200[0m 56.578 ms - 252[0m
[0mGET /api/me [32m200[0m 5.956 ms - 321[0m
[0mPUT /api/me/company [32m200[0m 4.363 ms - 328[0m
[0mGET /api/me [32m200[0m 1.745 ms - 328[0m
[0mGET /api/auth/me [32m200[0m 1.051 ms - 58[0m
[0mGET /api/auth/me [36m304[0m 0.658 ms - -[0m
[0mGET /api/me [36m304[0m 1.235 ms - -[0m
[0mGET /api/clients [36m304[0m 1.155 ms - -[0m
[0mPOST /api/clients [32m201[0m 1.838 ms - 107[0m
[0mGET /api/clients [32m200[0m 1.152 ms - 110[0m
[0mGET /api/products [36m304[0m 4.036 ms - -[0m
[0mPOST /api/products [32m201[0m 12.020 ms - 97[0m
[0mGET /api/products [32m200[0m 1.745 ms - 101[0m
[0mGET /api/invoices [36m304[0m 1.419 ms - -[0m
[0mPOST /api/invoices [32m201[0m 38.561 ms - 588[0m
[0mGET /api/invoices/432 [32m200[0m 3.968 ms - 552[0m
[0mGET /api/invoices/432/payments [32m200[0m 41.546 ms - 15[0m
[0mGET /api/invoices [32m200[0m 5.018 ms - 478[0m
[0mGET /api/auth/me [36m304[0m 0.890 ms - -[0m
[0mGET /api/auth/me [36m304[0m 0.702 ms - -[0m
[0mGET /api/invoices/432/payments [36m304[0m 2.433 ms - -[0m
[0mGET /api/invoices/432 [36m304[0m 3.411 ms - -[0m
[0mGET /api/me [36m304[0m 2.330 ms - -[0m
[0mGET /api/clients [36m304[0m 1.959 ms - -[0m
[0mGET /api/products [32m200[0m 36.745 ms - 101[0m
[0mGET /api/auth/me [36m304[0m 0.752 ms - -[0m
[0mGET /api/auth/me [36m304[0m 0.862 ms - -[0m
[0mGET /api/products [36m304[0m 2.686 ms - -[0m
[0mGET /api/invoices [36m304[0m 3.183 ms - -[0m
[0mGET /api/clients [36m304[0m 5.239 ms - -[0m
[0mDELETE /api/clients/133 [33m409[0m 3.621 ms - 91[0m
[0mPOST /api/auth/login [32m200[0m 84.936 ms - 239[0m
[0mGET /api/products [32m200[0m 3.570 ms - 15[0m
[0mGET /api/invoices [32m200[0m 4.571 ms - 15[0m
[0mPOST /api/auth/register [32m201[0m 94.355 ms - 252[0m
[0mGET /api/clients [32m200[0m 3.741 ms - 14[0m
[0mGET /api/invoices [32m200[0m 41.409 ms - 15[0m
[0mGET /api/products [32m200[0m 147.711 ms - 15[0m
[0mPOST /api/auth/login [32m200[0m 61.078 ms - 252[0m
[0mGET /api/me [32m200[0m 1.823 ms - 321[0m
[0mPUT /api/me/company [32m200[0m 2.569 ms - 328[0m
[0mGET /api/me [32m200[0m 1.236 ms - 328[0m
[0mGET /api/auth/me [32m200[0m 1.374 ms - 58[0m
[0mGET /api/auth/me [36m304[0m 0.991 ms - -[0m
[0mGET /api/me [36m304[0m 1.447 ms - -[0m
[0mGET /api/clients [36m304[0m 2.803 ms - -[0m
[0mPOST /api/clients [32m201[0m 3.056 ms - 107[0m
[0mGET /api/clients [32m200[0m 1.526 ms - 110[0m
[0mGET /api/products [36m304[0m 2.292 ms - -[0m
[0mPOST /api/products [32m201[0m 2.034 ms - 97[0m
[0mGET /api/products [32m200[0m 1.799 ms - 101[0m
[0mGET /api/invoices [36m304[0m 3.656 ms - -[0m
[0mPOST /api/invoices [32m201[0m 13.303 ms - 588[0m
[0mGET /api/invoices/433 [32m200[0m 2.429 ms - 552[0m
[0mGET /api/invoices/433/payments [32m200[0m 41.569 ms - 15[0m
[0mGET /api/invoices [32m200[0m 4.933 ms - 478[0m
[0mGET /api/auth/me [36m304[0m 0.952 ms - -[0m
[0mGET /api/auth/me [36m304[0m 0.858 ms - -[0m
[0mGET /api/invoices/433/payments [36m304[0m 2.911 ms - -[0m
[0mGET /api/invoices/433 [36m304[0m 3.917 ms - -[0m
[0mGET /api/me [36m304[0m 1.760 ms - -[0m
[0mGET /api/clients [36m304[0m 1.781 ms - -[0m
[0mGET /api/products [32m200[0m 39.212 ms - 101[0m
[0mGET /api/auth/me [36m304[0m 0.794 ms - -[0m
[0mGET /api/auth/me [36m304[0m 1.119 ms - -[0m
[0mGET /api/products [36m304[0m 1.640 ms - -[0m
[0mGET /api/clients [36m304[0m 3.161 ms - -[0m
[0mGET /api/invoices [36m304[0m 2.393 ms - -[0m
[0mDELETE /api/clients/134 [33m409[0m 1.696 ms - 91[0m
[0mPOST /api/auth/register [32m201[0m 88.450 ms - 242[0m
[0mPOST /api/products [32m201[0m 2.351 ms - 97[0m
[0mPOST /api/clients [32m201[0m 1.907 ms - 95[0m
[0mPOST /api/invoices [32m201[0m 7.804 ms - 575[0m
[0mGET /api/products [32m200[0m 2.062 ms - 101[0m
[0mPOST /api/auth/register [32m201[0m 100.266 ms - 252[0m
[0mGET /api/clients [32m200[0m 3.707 ms - 14[0m
[0mGET /api/products [32m200[0m 45.562 ms - 15[0m
[0mGET /api/invoices [32m200[0m 52.786 ms - 15[0m
[0mPOST /api/auth/login [32m200[0m 58.962 ms - 252[0m
[0mGET /api/me [32m200[0m 1.138 ms - 321[0m
[0mPUT /api/me/company [32m200[0m 2.620 ms - 328[0m
[0mGET /api/me [32m200[0m 1.281 ms - 328[0m
[0mGET /api/auth/me [32m200[0m 0.934 ms - 58[0m
[0mGET /api/auth/me [36m304[0m 0.942 ms - -[0m
[0mGET /api/me [36m304[0m 1.332 ms - -[0m
[0mGET /api/clients [36m304[0m 1.151 ms - -[0m
[0mPOST /api/clients [32m201[0m 12.315 ms - 107[0m
[0mGET /api/clients [32m200[0m 1.602 ms - 110[0m
[0mGET /api/products [36m304[0m 4.647 ms - -[0m
[0mPOST /api/products [32m201[0m 2.901 ms - 97[0m
[0mGET /api/products [32m200[0m 1.232 ms - 101[0m
[0mGET /api/invoices [36m304[0m 1.260 ms - -[0m
[0mPOST /api/invoices [32m201[0m 15.960 ms - 588[0m
[0mGET /api/invoices/435 [32m200[0m 2.165 ms - 552[0m
[0mGET /api/invoices/435/payments [32m200[0m 37.447 ms - 15[0m
[0mGET /api/invoices [32m200[0m 4.562 ms - 478[0m
[0mGET /api/auth/me [36m304[0m 0.949 ms - -[0m
[0mGET /api/auth/me [36m304[0m 0.963 ms - -[0m
[0mGET /api/invoices/435/payments [36m304[0m 2.768 ms - -[0m
[0mGET /api/invoices/435 [36m304[0m 3.858 ms - -[0m
[0mGET /api/me [36m304[0m 2.048 ms - -[0m
[0mGET /api/clients [36m304[0m 1.758 ms - -[0m
[0mGET /api/products [32m200[0m 37.710 ms - 101[0m
[0mGET /api/auth/me [36m304[0m 0.751 ms - -[0m
[0mGET /api/auth/me [36m304[0m 0.913 ms - -[0m
[0mGET /api/products [36m304[0m 1.334 ms - -[0m
[0mGET /api/invoices [36m304[0m 1.613 ms - -[0m
[0mGET /api/clients [36m304[0m 2.967 ms - -[0m
[0mDELETE /api/clients/136 [33m409[0m 3.430 ms - 91[0m
[0mPOST /api/auth/register [32m201[0m 95.615 ms - 252[0m
[0mGET /api/clients [32m200[0m 3.964 ms - 14[0m
[0mGET /api/products [32m200[0m 43.867 ms - 15[0m
[0mGET /api/invoices [32m200[0m 45.802 ms - 15[0m
[0mPOST /api/auth/login [32m200[0m 53.745 ms - 252[0m
[0mGET /api/me [32m200[0m 1.326 ms - 321[0m
[0mPUT /api/me/company [32m200[0m 2.761 ms - 328[0m
[0mGET /api/me [32m200[0m 1.154 ms - 328[0m
[0mGET /api/auth/me [32m200[0m 0.919 ms - 58[0m
[0mGET /api/auth/me [36m304[0m 0.700 ms - -[0m
[0mGET /api/me [36m304[0m 1.121 ms - -[0m
[0mGET /api/clients [36m304[0m 1.247 ms - -[0m
[0mPOST /api/clients [32m201[0m 1.884 ms - 107[0m
[0mGET /api/clients [32m200[0m 1.057 ms - 110[0m
[0mGET /api/products [36m304[0m 4.307 ms - -[0m
[0mPOST /api/products [32m201[0m 1.796 ms - 97[0m
[0mGET /api/products [32m200[0m 1.257 ms - 101[0m
[0mGET /api/invoices [36m304[0m 1.336 ms - -[0m
[0mPOST /api/invoices [32m201[0m 4.470 ms - 588[0m
[0mGET /api/invoices/436 [32m200[0m 1.997 ms - 552[0m
[0mGET /api/invoices/436/payments [32m200[0m 38.667 ms - 15[0m
[0mGET /api/invoices [32m200[0m 45.264 ms - 478[0m
[0mGET /api/auth/me [36m304[0m 1.099 ms - -[0m
[0mGET /api/auth/me [36m304[0m 1.034 ms - -[0m
[0mGET /api/invoices/436 [36m304[0m 3.671 ms - -[0m
[0mGET /api/invoices/436/payments [36m304[0m 43.629 ms - -[0m
[0mGET /api/me [36m304[0m 2.875 ms - -[0m
[0mGET /api/clients [36m304[0m 2.291 ms - -[0m
[0mGET /api/products [32m200[0m 40.596 ms - 101[0m
[0mGET /api/auth/me [36m304[0m 0.918 ms - -[0m
[0mGET /api/auth/me [36m304[0m 0.896 ms - -[0m
[0mGET /api/products [36m304[0m 2.102 ms - -[0m
[0mGET /api/clients [36m304[0m 3.692 ms - -[0m
[0mGET /api/invoices [36m304[0m 5.003 ms - -[0m
[0mDELETE /api/clients/137 [33m409[0m 1.414 ms - 91[0m
[0mPOST /api/auth/register [32m201[0m 93.995 ms - 252[0m
[0mGET /api/clients [32m200[0m 3.705 ms - 14[0m
[0mGET /api/products [32m200[0m 45.894 ms - 15[0m
[0mGET /api/invoices [32m200[0m 46.615 ms - 15[0m
[0mPOST /api/auth/login [32m200[0m 58.725 ms - 252[0m
[0mGET /api/me [32m200[0m 1.164 ms - 321[0m
[0mPUT /api/me/company [32m200[0m 2.270 ms - 328[0m
[0mGET /api/me [32m200[0m 1.028 ms - 328[0m
[0mGET /api/auth/me [32m200[0m 1.055 ms - 58[0m
[0mGET /api/auth/me [36m304[0m 0.915 ms - -[0m
[0mGET /api/me [36m304[0m 1.503 ms - -[0m
[0mGET /api/clients [36m304[0m 1.260 ms - -[0m
[0mPOST /api/clients [32m201[0m 2.246 ms - 107[0m
[0mGET /api/clients [32m200[0m 1.555 ms - 110[0m
[0mGET /api/products [36m304[0m 4.269 ms - -[0m
[0mPOST /api/products [32m201[0m 1.998 ms - 97[0m
[0mGET /api/products [32m200[0m 1.544 ms - 101[0m
[0mGET /api/invoices [36m304[0m 1.527 ms - -[0m
[0mPOST /api/invoices [32m201[0m 5.396 ms - 588[0m
[0mGET /api/invoices/437 [32m200[0m 2.358 ms - 552[0m
[0mGET /api/invoices/437/payments [32m200[0m 41.157 ms - 15[0m
[0mGET /api/invoices [32m200[0m 41.936 ms - 478[0m
[0mGET /api/auth/me [36m304[0m 0.877 ms - -[0m
[0mGET /api/auth/me [36m304[0m 0.897 ms - -[0m
[0mGET /api/invoices/437 [36m304[0m 4.120 ms - -[0m
[0mGET /api/invoices/437/payments [36m304[0m 44.955 ms - -[0m
[0mGET /api/me [36m304[0m 2.272 ms - -[0m
[0mGET /api/clients [36m304[0m 1.417 ms - -[0m
[0mGET /api/products [32m200[0m 38.124 ms - 101[0m
[0mGET /api/auth/me [36m304[0m 0.790 ms - -[0m
[0mGET /api/auth/me [36m304[0m 0.621 ms - -[0m
[0mGET /api/products [36m304[0m 1.955 ms - -[0m
[0mGET /api/clients [36m304[0m 3.296 ms - -[0m
[0mGET /api/invoices [36m304[0m 15.225 ms - -[0m
[0mDELETE /api/clients/138 [33m409[0m 1.897 ms - 91[0m
[0mPOST /api/auth/register [32m201[0m 103.543 ms - 252[0m
[0mGET /api/clients [32m200[0m 3.320 ms - 14[0m
[0mGET /api/products [32m200[0m 43.762 ms - 15[0m
[0mGET /api/invoices [32m200[0m 46.072 ms - 15[0m
[0mPOST /api/auth/login [32m200[0m 63.680 ms - 252[0m
[0mGET /api/me [32m200[0m 1.926 ms - 321[0m
[0mPUT /api/me/company [32m200[0m 14.839 ms - 328[0m
[0mGET /api/me [32m200[0m 1.216 ms - 328[0m
[0mGET /api/auth/me [32m200[0m 0.804 ms - 58[0m
[0mGET /api/auth/me [36m304[0m 0.649 ms - -[0m
[0mGET /api/me [36m304[0m 1.415 ms - -[0m
[0mGET /api/clients [36m304[0m 1.255 ms - -[0m
[0mPOST /api/clients [32m201[0m 2.980 ms - 107[0m
[0mGET /api/clients [32m200[0m 1.293 ms - 110[0m
[0mGET /api/products [36m304[0m 4.902 ms - -[0m
[0mPOST /api/products [32m201[0m 2.758 ms - 97[0m
[0mGET /api/products [32m200[0m 1.249 ms - 101[0m
[0mGET /api/invoices [36m304[0m 1.316 ms - -[0m
[0mPOST /api/invoices [32m201[0m 6.420 ms - 588[0m
[0mGET /api/products [32m200[0m 1.385 ms - 101[0m
[0mGET /api/invoices/438 [32m200[0m 2.264 ms - 552[0m
[0mGET /api/invoices/438/payments [32m200[0m 144.771 ms - 15[0m
[0mGET /api/invoices [32m200[0m 152.090 ms - 478[0m
[0mGET /api/auth/me [36m304[0m 1.119 ms - -[0m
[0mGET /api/auth/me [36m304[0m 0.946 ms - -[0m
[0mGET /api/invoices/438 [36m304[0m 3.462 ms - -[0m
[0mGET /api/invoices/438/payments [36m304[0m 43.674 ms - -[0m
[0mGET /api/me [36m304[0m 1.993 ms - -[0m
[0mGET /api/clients [36m304[0m 1.652 ms - -[0m
[0mGET /api/products [36m304[0m 36.515 ms - -[0m
[0mGET /api/auth/me [36m304[0m 0.843 ms - -[0m
[0mGET /api/auth/me [36m304[0m 0.678 ms - -[0m
[0mGET /api/products [36m304[0m 2.458 ms - -[0m
[0mGET /api/clients [36m304[0m 4.265 ms - -[0m
[0mGET /api/invoices [36m304[0m 6.115 ms - -[0m
[0mDELETE /api/clients/139 [33m409[0m 1.516 ms - 91[0m
[0mPOST /api/auth/register [32m201[0m 94.286 ms - 252[0m
[0mGET /api/clients [32m200[0m 3.296 ms - 14[0m
[0mGET /api/products [32m200[0m 39.896 ms - 15[0m
[0mGET /api/invoices [32m200[0m 149.727 ms - 15[0m
[0mPOST /api/auth/login [32m200[0m 57.599 ms - 252[0m
[0mGET /api/me [32m200[0m 1.110 ms - 321[0m
[0mPUT /api/me/company [32m200[0m 2.063 ms - 328[0m
[0mGET /api/me [32m200[0m 1.031 ms - 328[0m
[0mGET /api/auth/me [32m200[0m 0.900 ms - 58[0m
[0mGET /api/auth/me [36m304[0m 0.761 ms - -[0m
[0mGET /api/me [36m304[0m 1.152 ms - -[0m
[0mGET /api/clients [36m304[0m 1.593 ms - -[0m
[0mPOST /api/clients [32m201[0m 2.341 ms - 107[0m
[0mGET /api/clients [32m200[0m 1.060 ms - 110[0m
[0mGET /api/products [36m304[0m 4.628 ms - -[0m
[0mPOST /api/products [32m201[0m 1.858 ms - 97[0m
[0mGET /api/products [32m200[0m 1.401 ms - 101[0m
[0mGET /api/invoices [36m304[0m 1.189 ms - -[0m
[0mPOST /api/invoices [32m201[0m 4.184 ms - 588[0m
[0mGET /api/products [32m200[0m 1.363 ms - 101[0m
[0mGET /api/invoices/439/payments [32m200[0m 3.106 ms - 15[0m
[0mGET /api/invoices/439 [32m200[0m 42.718 ms - 552[0m
[0mGET /api/invoices [32m200[0m 45.101 ms - 478[0m
[0mGET /api/auth/me [36m304[0m 0.929 ms - -[0m
[0mGET /api/auth/me [36m304[0m 0.882 ms - -[0m
[0mGET /api/invoices/439 [36m304[0m 3.236 ms - -[0m
[0mGET /api/invoices/439/payments [36m304[0m 44.247 ms - -[0m
[0mGET /api/me [36m304[0m 2.014 ms - -[0m
[0mGET /api/products [36m304[0m 1.861 ms - -[0m
[0mGET /api/clients [36m304[0m 35.350 ms - -[0m
[0mGET /api/auth/me [36m304[0m 0.949 ms - -[0m
[0mGET /api/auth/me [36m304[0m 0.637 ms - -[0m
[0mGET /api/clients [36m304[0m 1.537 ms - -[0m
[0mGET /api/products [36m304[0m 1.567 ms - -[0m
[0mGET /api/invoices [36m304[0m 5.596 ms - -[0m
[0mDELETE /api/clients/140 [33m409[0m 1.630 ms - 91[0m
[0mGET /api/auth/me [33m401[0m 1.054 ms - 27[0m
[0mGET /api/auth/me [33m401[0m 0.807 ms - 27[0m
[0mPOST /api/auth/login [32m200[0m 91.245 ms - 237[0m
[0mGET /api/clients [32m200[0m 5.561 ms - 3716[0m
[0mGET /api/invoices [32m200[0m 55.887 ms - 49586[0m
[0mGET /api/products [32m200[0m 157.314 ms - 2987[0m
[0mGET /api/me [32m200[0m 1.882 ms - 547[0m
[0mDELETE /api/clients/78 [33m409[0m 42.527 ms - 91[0m
[0mGET /api/clients [36m304[0m 50.592 ms - -[0m
[0mGET /api/auth/me [32m200[0m 52.672 ms - 44[0m
[0mGET /api/auth/me [36m304[0m 1.221 ms - -[0m
[0mGET /api/clients [36m304[0m 3.190 ms - -[0m
[0mGET /api/clients [36m304[0m 43.819 ms - -[0m
[0mGET /api/clients [33m401[0m 2.759 ms - 27[0m
